1. Primeiro devemos parar o serviço do MySQL:
$ sudo service mysql stop

2. Em seguida iniciamos o MySQL em modo seguro, sem as opções de permissões. Isso vai servir para você alterar a senha. Mas o segredo vem depois:
$ sudo mysqld_safe --skip-grant-tables &

Poderá ocorrer o seguinte erro:
mysqld_safe Logging to '/var/log/mysql/error.log'.
mysqld_safe Logging to '/var/log/mysql/error.log'.
mysqld_safe Directory '/var/run/mysqld' for UNIX socket file don't exists.

Caso ocorra, execute o seguinte comando para criar o diretório onde ficará o socket do mysql:
$ sudo mkdir -p /var/run/mysqld
$ sudo chown mysql:mysql /var/run/mysqld

3. Após iniciar o servidor você vai acessar o cliente MySQL com usuário root, sem senha:
$ mysql -u root

4. Agora vamos alterar a senha do usuário root.
Aqui é que está o SEGREDO. No MySQL 5.7 foi alterado algumas coisas no banco de dados de sistema mysql. A tabela user não possui mais a coluna password, o nome agora se chama authentication_string. Então faça a alteração da senha da seguinte maneira:

mysql> use mysql;
mysql> update user set authentication_string=PASSWORD("SuaSenha") where User='root';

Bom, a maioria dos sites paravam aí, o que não resolvia o problema. O que faltava era um pequeno detalhes, devemos alterar o campo plugin setando o mecanismo padrão de verificação do password. Então segue abaixo:

mysql> update user set plugin="mysql_native_password";
mysql> flush privileges;
mysql> quit;

Fieto isso, a senha do root foi alterada e está pronto para ser acessado.
5. Dê um stop no MySQL e depois inicie normalmente o serviço:
$ sudo mysqladmin shutdown # essa foi a forma mais fácil que eu achei para matar o mysqld_safe

Caso não dê certo, você também pode tentar matar o MySQL localizando o id do processo e dando um kill nele:
$ ps -ef | grep mysql
$ sudo kill -9 [id dos processos que você achou no comando anterior] 

Após parar o serviço, inicie ele normalmente:
$ sudo service mysql start

Pronto, agora é só conectar e correr para o abraço:
$ mysql -u root -p



